13:36:29 200
13:36:31 200
13:36:32 200
13:36:34 200
13:36:35 200
13:36:36 200
13:36:38 200
13:36:39 200
13:36:40 200
13:36:42 200
13:36:43 200
13:36:44 200
13:36:45 200
13:36:47 200
13:36:49 200
13:36:51 200
13:36:52 200
13:36:54 200
13:36:55 200
13:36:56 200
13:36:57 200
13:37:00 000
13:37:05 200
13:37:08 200
13:37:09 200
13:37:11 200
13:37:12 200
13:37:14 200
13:37:15 200
13:37:17 200
13:37:18 200
13:37:20 200
13:37:22 200
13:37:24 200
13:37:26 200
13:37:27 200
13:37:29 200
13:37:31 200
13:37:33 200
13:37:34 200
13:37:36 200
13:37:38 200
13:37:39 200
13:37:41 200
13:37:43 200
13:37:47 200
13:37:51 200
13:37:54 200
13:37:58 200
13:38:02 000
13:38:06 000
13:38:12 000
13:38:16 200
13:38:19 000
13:38:26 000
13:38:35 000
13:38:41 000
13:38:47 000
13:38:53 000
13:38:59 000
13:39:05 000
13:39:12 000
13:39:17 000
13:39:22 000
13:39:27 000
13:39:32 000
13:39:36 000
13:39:41 000
13:39:45 000
13:39:50 000
13:39:54 000
13:39:58 000
13:40:03 000
13:40:07 200
13:40:11 200
13:40:14 200
13:40:18 200
13:40:20 200
13:40:22 200
13:40:26 200
13:40:28 200
13:40:30 200
13:40:33 000
13:40:37 200
13:40:38 200
13:40:40 200
13:40:42 200
13:40:45 200
13:40:47 200
13:40:49 200
13:40:51 200
13:40:52 200
13:40:54 200
13:40:55 200
13:40:56 200
13:40:58 200
13:40:59 200
13:41:00 200
13:41:02 200
13:41:04 200
13:41:05 200
13:41:07 200
13:41:08 200
13:41:09 200
13:41:11 200
13:41:12 200
13:41:13 200
13:41:15 200
13:41:16 200
13:41:18 200
13:41:19 200
13:41:21 200
13:41:22 200
13:41:23 200
13:41:25 200
13:41:26 200
13:41:27 200
13:41:28 200
13:41:30 200
13:41:31 200
13:41:33 200
13:41:34 200
13:41:35 200
13:41:36 200
13:41:38 200
13:41:39 200
13:41:40 200
13:41:41 200
13:41:43 200
13:41:44 200
13:41:46 200
13:41:47 200
13:41:48 200
13:41:50 200
13:41:52 200
13:41:53 200
13:41:54 200
13:41:56 200
13:41:57 200
13:41:59 200
13:42:00 200
13:42:02 200
13:42:03 200
13:42:04 200
13:42:05 200
13:42:07 200
13:42:08 200
13:42:09 200
13:42:11 200
13:42:12 200
13:42:14 200
13:42:15 200
13:42:16 200
13:42:18 200
13:42:19 200
13:42:20 200
13:42:21 200
13:42:23 200
13:42:24 200
13:42:25 200
13:42:27 200
13:42:28 200
13:42:30 200
13:42:33 200
13:42:34 200
13:42:36 200
13:42:37 200
13:42:39 200
13:42:40 200
13:42:42 200
13:42:43 200
13:42:44 200
13:42:46 200
13:42:47 200
13:42:48 200
13:42:50 200
13:42:51 200
13:42:52 200
13:42:54 200
13:42:55 200
13:42:57 200
13:42:58 200
13:43:00 200
13:43:01 200
13:43:03 200
13:43:04 200
13:43:05 200
13:43:07 200
13:43:08 200
13:43:09 200
13:43:11 200
13:43:12 200
13:43:13 200
13:43:15 200
13:43:16 200
13:43:17 200
13:43:19 200
13:43:20 200
13:43:21 200
13:43:22 200
13:43:24 200
13:43:25 200
13:43:26 200
13:43:27 200
