login: https://grafana.poc.local/login → Grafana
grafana-hubble-network-overview: scrolled 2 screens for the lazy panels
grafana-hubble-network-overview: settled 6s; panels=8; "No data"=0; first: Flows processed by type | Flows processed by verdict | Top 10 sources | Top 10 destinations | Missing TCP SYN-ACKs
grafana-hubble-l7-http: scrolled 3 screens for the lazy panels
grafana-hubble-l7-http: settled 6s; panels=11; "No data"=1 [CPU Usage by Source]; first: Incoming Request Volume | Incoming Request Success Rate (non-5xx responses) | Request Duration | Incoming Requests by Source and Response Code | Incoming Request Success Rate (non-5xx responses) By Source
grafana-hubble-dns: settled 6s; panels=4; "No data"=1 [Missing DNS responses]; first: DNS queries | Top 10 DNS queries | Missing DNS responses | DNS errors
grafana-hubble-metrics: scrolled 4 screens for the lazy panels
grafana-hubble-metrics: settled 6s; panels=33; "No data"=4 [TCPv6 | Missing TCPv6 SYN-ACKs | Missing ICMPv6 Echo-Reply | HTTP responses]; first: Flows processed Per Node | Flows Types | L7 Flow Distribution | Trace Flow Distribution | Forwarded vs Dropped
grafana-cilium-metrics: scrolled 9 screens for the lazy panels
grafana-cilium-metrics: settled 6s; panels=77; "No data"=17 [# system calls (average node) | # system calls (max node) | system call latency (avg node) | system call latency (max node) | # operations (sum all nodes) | # operations (max node) | IPv6 Conntrack TCP | IPv6 Conntrack Non-TCP | Service Updates | Valid, Unnecessary K8s Events Received | Invalid, Unnecessary K8s Events Received | Invalid, Necessary K8s Events Received | NetworkPolicy Events | Pod Events | Service Events | Endpoints Events | Namespace Events]; first: Errors & Warnings | CPU Usage per node | Virtual Memory Bytes | Resident memory status | Open file descriptors
grafana-policy-verdicts: scrolled 6 screens for the lazy panels
grafana-policy-verdicts: settled 6s; panels=45; "No data"=4 [DNS queries per second, by record type | DNS errors, by answer code | DNS: queries, answers, and the missing ones | Top 10 names asked (queries per minute)]; first: Audited (policy evaluated, not enforced) — in range | Forwarded by an allow rule — in range | Dropped by policy — in range | Still audited (last 5 min): source → destination pairs | Policy verdicts per second, by action — expectations met
grafana-policy-verdicts-cf2cnp-lab: scrolled 6 screens for the lazy panels
grafana-policy-verdicts-cf2cnp-lab: settled 6s; panels=45; "No data"=4 [Requests per second, by status | Request duration p50 / p99, with trace exemplars | Top 10 source → destination workloads (requests per second) | Top 10 methods and status (requests per second)]; first: Audited (policy evaluated, not enforced) — in range | Forwarded by an allow rule — in range | Dropped by policy — in range | Still audited (last 5 min): source → destination pairs | Policy verdicts per second, by action — expectations met
grafana-policy-verdicts-bank: scrolled 6 screens for the lazy panels
grafana-policy-verdicts-bank: settled 6s; panels=45; "No data"=8 [POLICY_DENIED drops per second (hubble_drop_total) | Drops per second, by reason and protocol | Top 10 sources with dropped packets | Top 10 destinations with dropped packets | ICMP: echo requests, replies, and the missing ones | Top 10 names asked (queries per minute) | Top 10 source → destination workloads (requests per second) | Top 10 methods and status (requests per second)]; first: Audited (policy evaluated, not enforced) — in range | Forwarded by an allow rule — in range | Dropped by policy — in range | Still audited (last 5 min): source → destination pairs | Policy verdicts per second, by action
grafana-policy-verdicts-shop-core: scrolled 6 screens for the lazy panels
grafana-policy-verdicts-shop-core: settled 6s; panels=45; "No data"=9 [ICMP: echo requests, replies, and the missing ones | DNS queries per second, by record type | DNS errors, by answer code | DNS: queries, answers, and the missing ones | Top 10 names asked (queries per minute) | Requests per second, by status | Request duration p50 / p99, with trace exemplars | Top 10 source → destination workloads (requests per second) | Top 10 methods and status (requests per second)]; first: Audited (policy evaluated, not enforced) — in range | Forwarded by an allow rule — in range | Dropped by policy — in range | Still audited (last 5 min): source → destination pairs | Policy verdicts per second, by action
grafana-hubble-network-overview-bank: scrolled 2 screens for the lazy panels
grafana-hubble-network-overview-bank: settled 6s; panels=8; "No data"=3 [Missing ICMP Echo Replys | Network Policy drops by source | Network Policy drops by destination]; first: Flows processed by type | Flows processed by verdict | Top 10 sources | Top 10 destinations | Missing TCP SYN-ACKs
grafana-hubble-observer-flows: scrolled 2 screens for the lazy panels
grafana-hubble-observer-flows: settled 7s; panels=9; "No data"=0; first: Total Flows | Flows per Verdict | Flows per Direction | Flows per Destination | Flows per Source Namespace
hubble-ui-namespaces: settled 0s; Idle | Welcome! | To begin select one of the namespaces: | Choose namespace | bank | cert-manager | cf2cnp-lab | cf2cnp-lab27 | cf2cnp-lab30 | cilium-secrets | default | forensic — expectations met
hubble-ui-cf2cnp-lab30: settled 0s; cf2cnp-lab30 | Any verdict | Visual | 232.3 flows/s•4/4 nodes | cf2cnp-lab30 | pos | shop | 80 | TCP | HTTP | shop | 80 — expectations met
hubble-ui-cf2cnp-lab: settled 0s; cf2cnp-lab | Any verdict | Visual | 232.7 flows/s•4/4 nodes | cf2cnp-lab | pos | shop | 80 | TCP | example.com | 443 | TCP — expectations met
hubble-ui-bank: settled 0s; bank | Any verdict | Visual | 233.3 flows/s•4/4 nodes | bank | api | poc1 | accounts | 8080 | TCP | HTTP | poc2 — expectations met
hubble-ui-shop-core: settled 0s; shop-core | Any verdict | Visual | 233.7 flows/s•4/4 nodes | shop-core | merchant | shop-merchant | catalog | 80 | TCP | stranger | shop-clients — expectations met
cf2cnp: settled 0s; title: CF2CNP - Cilium Flow to CiliumNetworkPolicy
grafana-traces-explore: settled 3s; Skip to main content | Grafana | Bookmarks | Starred | Dashboards | Explore | Drilldown | Metrics | Logs | Traces | Profiles | Alerting
