16:19:34 200
16:19:37 200
16:19:38 200
16:19:40 200
16:19:41 200
16:19:42 200
16:19:44 200
16:19:45 200
16:19:46 200
16:19:48 200
16:19:49 200
16:19:51 200
16:19:53 200
16:19:55 200
16:19:56 200
16:19:57 200
16:19:59 200
16:20:00 200
16:20:01 200
16:20:02 200
16:20:04 200
16:20:05 200
16:20:06 200
16:20:07 200
16:20:09 200
16:20:10 200
16:20:11 200
16:20:12 200
16:20:14 200
16:20:15 200
16:20:16 200
16:20:18 200
16:20:19 200
16:20:20 200
16:20:21 200
16:20:22 200
16:20:24 200
16:20:25 200
16:20:26 200
16:20:27 200
16:20:28 200
16:20:30 200
16:20:31 200
16:20:32 200
16:20:33 200
16:20:35 200
16:20:36 200
16:20:37 200
16:20:38 200
16:20:40 200
16:20:41 200
16:20:42 200
16:20:43 200
16:20:45 200
16:20:46 200
16:20:47 200
16:20:48 200
16:20:49 200
16:20:51 200
16:20:52 200
16:20:53 200
16:20:54 200
16:20:55 200
16:20:57 200
16:20:58 200
16:20:59 200
16:21:00 200
16:21:01 200
16:21:03 200
16:21:04 200
16:21:05 200
16:21:06 200
16:21:07 200
16:21:09 200
16:21:10 200
16:21:11 200
16:21:12 200
16:21:13 200
16:21:15 200
16:21:16 200
16:21:17 200
16:21:18 200
16:21:20 200
16:21:21 200
16:21:22 200
16:21:23 200
16:21:24 200
16:21:26 200
16:21:27 200
16:21:28 200
16:21:29 200
16:21:30 200
16:21:32 200
16:21:33 200
16:21:34 200
16:21:35 200
16:21:37 200
16:21:38 200
16:21:39 200
16:21:40 200
16:21:41 200
16:21:42 200
16:21:44 200
16:21:45 200
16:21:46 200
16:21:47 200
16:21:48 200
16:21:50 200
16:21:51 200
16:21:52 200
16:21:53 200
16:21:54 200
16:21:56 200
16:21:57 200
16:21:58 200
16:21:59 200
16:22:00 200
16:22:02 200
16:22:03 200
16:22:04 200
16:22:05 200
16:22:06 200
16:22:08 200
16:22:09 200
16:22:10 200
16:22:11 200
16:22:13 200
16:22:14 200
16:22:15 200
16:22:16 200
16:22:18 200
16:22:19 200
16:22:20 200
16:22:22 200
16:22:23 200
16:22:24 200
16:22:25 200
16:22:27 200
16:22:28 200
16:22:29 200
16:22:30 200
16:22:31 200
16:22:33 200
16:22:34 200
16:22:37 200
16:22:38 200
16:22:39 200
16:22:41 200
16:22:42 200
16:22:43 200
16:22:44 200
16:22:46 200
16:22:47 200
16:22:48 200
16:22:49 200
16:22:51 200
16:22:52 200
16:22:53 200
16:22:55 200
16:22:56 200
16:22:57 200
16:22:58 200
16:22:59 200
16:23:01 200
16:23:02 200
16:23:03 200
16:23:04 200
16:23:05 200
16:23:06 200
16:23:08 200
16:23:09 200
16:23:10 200
16:23:11 200
16:23:12 200
16:23:14 200
16:23:15 200
16:23:16 200
16:23:17 200
16:23:19 200
16:23:20 200
16:23:21 200
16:23:22 200
16:23:23 200
16:23:25 200
16:23:26 200
16:23:27 200
16:23:28 200
16:23:30 200
16:23:31 200
16:23:32 200
16:23:34 200
16:23:35 200
16:23:36 200
16:23:38 200
16:23:39 200
16:23:40 200
16:23:41 200
16:23:43 200
16:23:44 200
16:23:46 200
16:23:47 200
16:23:49 200
16:23:50 200
16:23:51 200
16:23:53 200
16:23:54 200
16:23:55 200
16:23:56 200
16:23:58 200
16:23:59 200
16:24:00 200
16:24:02 200
16:24:03 200
16:24:04 200
16:24:06 200
16:24:07 200
16:24:08 200
16:24:09 200
16:24:11 200
16:24:12 200
16:24:13 200
16:24:14 200
16:24:16 200
16:24:17 200
16:24:18 200
